Release 14.7 - xst P.20131013 (nt64)
Copyright (c) 1995-2013 Xilinx, Inc.  All rights reserved.
--> Parameter TMPDIR set to xst/projnav.tmp


Total REAL time to Xst completion: 0.00 secs
Total CPU time to Xst completion: 0.11 secs
 
--> Parameter xsthdpdir set to xst


Total REAL time to Xst completion: 0.00 secs
Total CPU time to Xst completion: 0.12 secs
 
--> Reading design: mips.prj

TABLE OF CONTENTS
  1) Synthesis Options Summary
  2) HDL Parsing
  3) HDL Elaboration
  4) HDL Synthesis
       4.1) HDL Synthesis Report
  5) Advanced HDL Synthesis
       5.1) Advanced HDL Synthesis Report
  6) Low Level Synthesis
  7) Partition Report
  8) Design Summary
       8.1) Primitive and Black Box Usage
       8.2) Device utilization summary
       8.3) Partition Resource Summary
       8.4) Timing Report
            8.4.1) Clock Information
            8.4.2) Asynchronous Control Signals Information
            8.4.3) Timing Summary
            8.4.4) Timing Details
            8.4.5) Cross Clock Domains Report


=========================================================================
*                      Synthesis Options Summary                        *
=========================================================================
---- Source Parameters
Input File Name                    : "mips.prj"
Ignore Synthesis Constraint File   : NO

---- Target Parameters
Output File Name                   : "mips"
Output Format                      : NGC
Target Device                      : xc7a100t-3-csg324

---- Source Options
Top Module Name                    : mips
Automatic FSM Extraction           : YES
FSM Encoding Algorithm             : Auto
Safe Implementation                : No
FSM Style                          : LUT
RAM Extraction                     : Yes
RAM Style                          : Auto
ROM Extraction                     : Yes
Shift Register Extraction          : YES
ROM Style                          : Auto
Resource Sharing                   : YES
Asynchronous To Synchronous        : NO
Shift Register Minimum Size        : 2
Use DSP Block                      : Auto
Automatic Register Balancing       : No

---- Target Options
LUT Combining                      : Auto
Reduce Control Sets                : Auto
Add IO Buffers                     : YES
Global Maximum Fanout              : 100000
Add Generic Clock Buffer(BUFG)     : 32
Register Duplication               : YES
Optimize Instantiated Primitives   : NO
Use Clock Enable                   : Auto
Use Synchronous Set                : Auto
Use Synchronous Reset              : Auto
Pack IO Registers into IOBs        : Auto
Equivalent register Removal        : YES

---- General Options
Optimization Goal                  : Speed
Optimization Effort                : 1
Power Reduction                    : NO
Keep Hierarchy                     : No
Netlist Hierarchy                  : As_Optimized
RTL Output                         : Yes
Global Optimization                : AllClockNets
Read Cores                         : YES
Write Timing Constraints           : NO
Cross Clock Analysis               : NO
Hierarchy Separator                : /
Bus Delimiter                      : <>
Case Specifier                     : Maintain
Slice Utilization Ratio            : 100
BRAM Utilization Ratio             : 100
DSP48 Utilization Ratio            : 100
Auto BRAM Packing                  : NO
Slice Utilization Ratio Delta      : 5

=========================================================================


=========================================================================
*                          HDL Parsing                                  *
=========================================================================
Analyzing Verilog file "C:\Users\r00tk17\Documents\GitHub\MipsPipe\pipeline.v" into library work
Parsing module <mips>.
Parsing module <controller>.
Parsing module <maindec>.
Parsing module <aluctrl>.
Parsing module <datapath>.
Parsing module <hazard>.
Parsing module <eqcmp>.
Parsing module <alu>.
Parsing module <adder>.
Parsing module <signext>.
Parsing module <sl2>.
Parsing module <mux2>.
Parsing module <mux3>.
Parsing module <regfile>.
Parsing module <flopr>.
Parsing module <floprc>.
Parsing module <flopenr>.
Parsing module <flopenrc>.

=========================================================================
*                            HDL Elaboration                            *
=========================================================================

Elaborating module <mips>.

Elaborating module <controller>.

Elaborating module <maindec>.

Elaborating module <aluctrl>.

Elaborating module <floprc(WIDTH=8)>.

Elaborating module <flopr(WIDTH=3)>.

Elaborating module <flopr(WIDTH=2)>.
WARNING:HDLCompiler:189 - "C:\Users\r00tk17\Documents\GitHub\MipsPipe\pipeline.v" Line 18: Size mismatch in connection of port <flushE>. Formal port size is 1-bit while actual signal size is 6-bit.
WARNING:HDLCompiler:189 - "C:\Users\r00tk17\Documents\GitHub\MipsPipe\pipeline.v" Line 19: Size mismatch in connection of port <alucontrolE>. Formal port size is 3-bit while actual signal size is 1-bit.

Elaborating module <datapath>.

Elaborating module <hazard>.
WARNING:HDLCompiler:189 - "C:\Users\r00tk17\Documents\GitHub\MipsPipe\pipeline.v" Line 167: Size mismatch in connection of port <forwardbD>. Formal port size is 1-bit while actual signal size is 2-bit.

Elaborating module <mux3(WIDTH=32)>.

Elaborating module <regfile>.

Elaborating module <flopenr(WIDTH=32)>.

Elaborating module <adder>.

Elaborating module <flopenrc(WIDTH=32)>.

Elaborating module <signext>.

Elaborating module <sl2>.

Elaborating module <mux2(WIDTH=32)>.

Elaborating module <eqcmp(WIDTH=32)>.

Elaborating module <floprc(WIDTH=32)>.

Elaborating module <floprc(WIDTH=5)>.

Elaborating module <alu>.

Elaborating module <mux2(WIDTH=5)>.

Elaborating module <flopr(WIDTH=32)>.

Elaborating module <flopr(WIDTH=5)>.
WARNING:HDLCompiler:634 - "C:\Users\r00tk17\Documents\GitHub\MipsPipe\pipeline.v" Line 147: Net <forwardaD> does not have a driver.
WARNING:HDLCompiler:189 - "C:\Users\r00tk17\Documents\GitHub\MipsPipe\pipeline.v" Line 21: Size mismatch in connection of port <branchD>. Formal port size is 1-bit while actual signal size is 2-bit.
WARNING:HDLCompiler:189 - "C:\Users\r00tk17\Documents\GitHub\MipsPipe\pipeline.v" Line 22: Size mismatch in connection of port <alucontrolE>. Formal port size is 3-bit while actual signal size is 1-bit.
WARNING:HDLCompiler:1127 - "C:\Users\r00tk17\Documents\GitHub\MipsPipe\pipeline.v" Line 22: Assignment to instrF ignored, since the identifier is never used
WARNING:HDLCompiler:189 - "C:\Users\r00tk17\Documents\GitHub\MipsPipe\pipeline.v" Line 23: Size mismatch in connection of port <pcF>. Formal port size is 32-bit while actual signal size is 6-bit.
WARNING:HDLCompiler:634 - "C:\Users\r00tk17\Documents\GitHub\MipsPipe\pipeline.v" Line 16: Net <equalD> does not have a driver.
